
COMMAND: ['/opt/conda/bin/python', '-m', 'train.run', '--mixer', 'abc_gsa', '--steps', '10', '--layers', '9', '--width', '768', '--num-heads', '12', '--head-dim', '64', '--sequence-length', '512', '--batch-tokens', '8192', '--microbatch-tokens', '8192', '--out', 'results/sweep/abc_gsa.json']
{
  "mixer": "abc_gsa",
  "steps": 10,
  "final_loss": 16.853374481201172,
  "mfu": 0.18626962883902495,
  "params": 104071104,
  "checkpoint_aligned": true,
  "grad_trace": {},
  "kl_divergence": null,
  "wallclock_s": 3.939792782999575,
  "throughput_tokens_s": 20792.971740414712,
  "peak_memory_gib": 7.172243595123291,
  "loss_trace": [
    15.48723316192627,
    14.700997352600098,
    14.953516006469727,
    14.864007949829102,
    15.19940185546875,
    17.345657348632812,
    16.59151840209961,
    17.01658058166504,
    16.148853302001953,
    16.853374481201172
  ],
  "memory_trace_gib": [
    0.9415397644042969,
    0.9415397644042969,
    0.9415397644042969,
    0.9415397644042969,
    0.9415397644042969,
    0.9415397644042969,
    0.9415397644042969,
    0.9415397644042969,
    0.9415397644042969,
    0.9415397644042969
  ],
  "config": {
    "mixer": "abc_gsa",
    "vocab_size": 50304,
    "sequence_length": 512,
    "layers": 9,
    "width": 768,
    "num_heads": 12,
    "head_dim": 64,
    "mlp_ratio": 4,
    "batch_tokens": 8192,
    "microbatch_tokens": 8192,
    "steps": 10,
    "seed": 0,
    "target_mfu": 0.5,
    "capture_gradients": false,
    "compile_model": true,
    "bf16": true,
    "activation_checkpointing": false,
    "target": null
  },
  "measurement_version": 2,
  "source_fingerprint": "345b161d5a9866e94c1ff1686d5b9156ce4c0aa404149c80ec35f81a08a601c1",
  "environment": {
    "torch": "2.14.0+cu130",
    "device": "NVIDIA A10G",
    "peak_flops": 70000000000000.0
  }
}
