W0926 20:12:56.707000 212933 site-packages/torch/_dynamo/variables/tensor.py:1841] [4/0] Graph break from `Tensor.item()`, consider setting:
W0926 20:12:56.707000 212933 site-packages/torch/_dynamo/variables/tensor.py:1841] [4/0]     torch._dynamo.config.capture_scalar_outputs = True
W0926 20:12:56.707000 212933 site-packages/torch/_dynamo/variables/tensor.py:1841] [4/0] or:
W0926 20:12:56.707000 212933 site-packages/torch/_dynamo/variables/tensor.py:1841] [4/0]     env TORCHDYNAMO_CAPTURE_SCALAR_OUTPUTS=1
W0926 20:12:56.707000 212933 site-packages/torch/_dynamo/variables/tensor.py:1841] [4/0] to include these operations in the captured graph.
W0926 20:12:56.707000 212933 site-packages/torch/_dynamo/variables/tensor.py:1841] [4/0] 
W0926 20:12:56.707000 212933 site-packages/torch/_dynamo/variables/tensor.py:1841] [4/0] Graph break: from user code at:
W0926 20:12:56.707000 212933 site-packages/torch/_dynamo/variables/tensor.py:1841] [4/0]   File "/home/sagemaker-user/GL-SDM/projects/urm/architectures/attnres.py", line 178, in aggregate
W0926 20:12:56.707000 212933 site-packages/torch/_dynamo/variables/tensor.py:1841] [4/0]     return layer(
W0926 20:12:56.707000 212933 site-packages/torch/_dynamo/variables/tensor.py:1841] [4/0]            ^^^^^^
W0926 20:12:56.707000 212933 site-packages/torch/_dynamo/variables/tensor.py:1841] [4/0]   File "/home/sagemaker-user/GL-SDM/projects/urm/architectures/attnres.py", line 121, in forward
W0926 20:12:56.707000 212933 site-packages/torch/_dynamo/variables/tensor.py:1841] [4/0]     out = self._plan.execute(
W0926 20:12:56.707000 212933 site-packages/torch/_dynamo/variables/tensor.py:1841] [4/0]           ^^^^^^^^^^^^^^^^^^^
W0926 20:12:56.707000 212933 site-packages/torch/_dynamo/variables/tensor.py:1841] [4/0]   File "/home/sagemaker-user/GL-SDM/projects/urm/src/urm/runtime/bind.py", line 264, in execute
W0926 20:12:56.707000 212933 site-packages/torch/_dynamo/variables/tensor.py:1841] [4/0]     outputs = _execute_node(op, step.anchor, tensors, mode)
W0926 20:12:56.707000 212933 site-packages/torch/_dynamo/variables/tensor.py:1841] [4/0]               ^^^^^^^^^^^^^^^^^^^^^^^^^^^^^^^^^^^^^^^^^^^^^
W0926 20:12:56.707000 212933 site-packages/torch/_dynamo/variables/tensor.py:1841] [4/0]   File "/home/sagemaker-user/GL-SDM/projects/urm/src/urm/runtime/bind.py", line 198, in _execute_node
W0926 20:12:56.707000 212933 site-packages/torch/_dynamo/variables/tensor.py:1841] [4/0]     return provider.execute(request, operands)
W0926 20:12:56.707000 212933 site-packages/torch/_dynamo/variables/tensor.py:1841] [4/0]            ^^^^^^^^^^^^^^^^^^^^^^^^^^^^^^^^^^^
W0926 20:12:56.707000 212933 site-packages/torch/_dynamo/variables/tensor.py:1841] [4/0]   File "/home/sagemaker-user/GL-SDM/projects/urm/src/urm/backends/triton/k1/online_softmax.py", line 1215, in execute
W0926 20:12:56.707000 212933 site-packages/torch/_dynamo/variables/tensor.py:1841] [4/0]     scale=None if operands.get("scale") is None else float(operands["scale"]),
W0926 20:12:56.707000 212933 site-packages/torch/_dynamo/variables/tensor.py:1841] [4/0]                                                      ^^^^^^^^^^^^^^^^^^^^^^^^^
W0926 20:12:56.707000 212933 site-packages/torch/_dynamo/variables/tensor.py:1841] [4/0] 
W0926 20:12:56.707000 212933 site-packages/torch/_dynamo/variables/tensor.py:1841] [4/0] 
W0926 20:13:25.629000 212933 site-packages/torch/_dynamo/convert_frame.py:2008] [4/8] torch._dynamo hit config.recompile_limit (8)
W0926 20:13:25.629000 212933 site-packages/torch/_dynamo/convert_frame.py:2008] [4/8]    function: 'aggregate' (/home/sagemaker-user/GL-SDM/projects/urm/architectures/attnres.py:169)
W0926 20:13:25.629000 212933 site-packages/torch/_dynamo/convert_frame.py:2008] [4/8]    last reason: 4/7: len(residuals) == 5                                      # layer = self._layers[len(residuals) - 1]  # ome/sagemaker-user/GL-SDM/projects/urm/architectures/attnres.py:177 in aggregate
W0926 20:13:25.629000 212933 site-packages/torch/_dynamo/convert_frame.py:2008] [4/8] User stack trace:
W0926 20:13:25.629000 212933 site-packages/torch/_dynamo/convert_frame.py:2008] [4/8]   File "/home/sagemaker-user/GL-SDM/projects/urm/architectures/attnres.py", line 177, in aggregate
W0926 20:13:25.629000 212933 site-packages/torch/_dynamo/convert_frame.py:2008] [4/8]     layer = self._layers[len(residuals) - 1]
W0926 20:13:25.629000 212933 site-packages/torch/_dynamo/convert_frame.py:2008] [4/8] To log all recompilation reasons, use TORCH_LOGS="recompiles".
W0926 20:13:25.629000 212933 site-packages/torch/_dynamo/convert_frame.py:2008] [4/8] To diagnose recompilation issues, see https://docs.pytorch.org/docs/main/user_guide/torch_compiler/compile/programming_model.recompilation.html
{
  "mixer": "attnres",
  "steps": 10,
  "final_loss": 8.181123733520508,
  "mfu": 0.05134142216591015,
  "params": 102769920,
  "checkpoint_aligned": true,
  "kl_divergence": null,
  "wallclock_s": 14.115837983001256,
  "throughput_tokens_s": 5803.410332326758,
  "peak_memory_gib": 13.125545501708984
}
