
COMMAND: ['/opt/conda/bin/python', '-m', 'train.run', '--mixer', 'bit_attention', '--steps', '10', '--layers', '9', '--width', '768', '--num-heads', '12', '--head-dim', '64', '--sequence-length', '512', '--batch-tokens', '8192', '--microbatch-tokens', '8192', '--out', 'results/sweep/bit_attention.json']
{
  "mixer": "bit_attention",
  "steps": 10,
  "final_loss": 15.641752243041992,
  "mfu": 0.2431074549588233,
  "params": 102769920,
  "checkpoint_aligned": true,
  "grad_trace": {},
  "kl_divergence": null,
  "wallclock_s": 2.9810982029885054,
  "throughput_tokens_s": 27479.805904373246,
  "peak_memory_gib": 6.015092849731445,
  "loss_trace": [
    11.943780899047852,
    15.501192092895508,
    15.39238452911377,
    14.910045623779297,
    15.999080657958984,
    15.746166229248047,
    15.216501235961914,
    14.258537292480469,
    16.966222763061523,
    15.641752243041992
  ],
  "memory_trace_gib": [
    0.9318652153015137,
    0.9318652153015137,
    0.9318652153015137,
    0.9318652153015137,
    0.9318652153015137,
    0.9318652153015137,
    0.9318652153015137,
    0.9318652153015137,
    0.9318652153015137,
    0.9318652153015137
  ],
  "config": {
    "mixer": "bit_attention",
    "vocab_size": 50304,
    "sequence_length": 512,
    "layers": 9,
    "width": 768,
    "num_heads": 12,
    "head_dim": 64,
    "mlp_ratio": 4,
    "batch_tokens": 8192,
    "microbatch_tokens": 8192,
    "steps": 10,
    "seed": 0,
    "target_mfu": 0.5,
    "capture_gradients": false,
    "compile_model": true,
    "bf16": true,
    "activation_checkpointing": false,
    "target": null
  },
  "measurement_version": 2,
  "source_fingerprint": "345b161d5a9866e94c1ff1686d5b9156ce4c0aa404149c80ec35f81a08a601c1",
  "environment": {
    "torch": "2.14.0+cu130",
    "device": "NVIDIA A10G",
    "peak_flops": 70000000000000.0
  }
}
