
COMMAND: ['/opt/conda/bin/python', '-m', 'train.run', '--mixer', 'dsa', '--steps', '10', '--layers', '9', '--width', '768', '--num-heads', '12', '--head-dim', '64', '--sequence-length', '512', '--batch-tokens', '8192', '--microbatch-tokens', '8192', '--out', 'results/sweep/dsa.json']
{
  "mixer": "dsa",
  "steps": 10,
  "final_loss": 10.151275634765625,
  "mfu": 0.3124811285882668,
  "params": 102742272,
  "checkpoint_aligned": true,
  "grad_trace": {},
  "kl_divergence": null,
  "wallclock_s": 2.3186458139971364,
  "throughput_tokens_s": 35330.96754384289,
  "peak_memory_gib": 5.313228607177734,
  "loss_trace": [
    12.126476287841797,
    12.045705795288086,
    10.553558349609375,
    10.499502182006836,
    11.024621963500977,
    10.889766693115234,
    10.70875072479248,
    10.192022323608398,
    11.36199951171875,
    10.151275634765625
  ],
  "memory_trace_gib": [
    0.9450888633728027,
    0.9450888633728027,
    0.9450888633728027,
    0.9450888633728027,
    0.9450888633728027,
    0.9450888633728027,
    0.9450888633728027,
    0.9450888633728027,
    0.9450888633728027,
    0.9450888633728027
  ],
  "config": {
    "mixer": "dsa",
    "vocab_size": 50304,
    "sequence_length": 512,
    "layers": 9,
    "width": 768,
    "num_heads": 12,
    "head_dim": 64,
    "mlp_ratio": 4,
    "batch_tokens": 8192,
    "microbatch_tokens": 8192,
    "steps": 10,
    "seed": 0,
    "target_mfu": 0.5,
    "capture_gradients": false,
    "compile_model": true,
    "bf16": true,
    "activation_checkpointing": false,
    "target": null
  },
  "measurement_version": 2,
  "source_fingerprint": "345b161d5a9866e94c1ff1686d5b9156ce4c0aa404149c80ec35f81a08a601c1",
  "environment": {
    "torch": "2.14.0+cu130",
    "device": "NVIDIA A10G",
    "peak_flops": 70000000000000.0
  }
}
