
COMMAND: ['/opt/conda/bin/python', '-m', 'train.run', '--mixer', 'kata', '--steps', '10', '--layers', '9', '--width', '768', '--num-heads', '12', '--head-dim', '64', '--sequence-length', '512', '--batch-tokens', '8192', '--microbatch-tokens', '8192', '--out', 'results/sweep/kata.json']
{
  "mixer": "kata",
  "steps": 10,
  "final_loss": 8.859058380126953,
  "mfu": 0.31988606742210224,
  "params": 102742272,
  "checkpoint_aligned": true,
  "grad_trace": {},
  "kl_divergence": null,
  "wallclock_s": 2.2649722339992877,
  "throughput_tokens_s": 36168.21379543046,
  "peak_memory_gib": 5.391353607177734,
  "loss_trace": [
    9.841818809509277,
    9.287882804870605,
    8.845874786376953,
    9.055208206176758,
    9.277098655700684,
    9.633539199829102,
    9.522796630859375,
    9.064374923706055,
    9.013647079467773,
    8.859058380126953
  ],
  "memory_trace_gib": [
    0.9449667930603027,
    0.9449667930603027,
    0.9449667930603027,
    0.9449667930603027,
    0.9449667930603027,
    0.9449667930603027,
    0.9449667930603027,
    0.9449667930603027,
    0.9449667930603027,
    0.9449667930603027
  ],
  "config": {
    "mixer": "kata",
    "vocab_size": 50304,
    "sequence_length": 512,
    "layers": 9,
    "width": 768,
    "num_heads": 12,
    "head_dim": 64,
    "mlp_ratio": 4,
    "batch_tokens": 8192,
    "microbatch_tokens": 8192,
    "steps": 10,
    "seed": 0,
    "target_mfu": 0.5,
    "capture_gradients": false,
    "compile_model": true,
    "bf16": true,
    "activation_checkpointing": false,
    "target": null
  },
  "measurement_version": 2,
  "source_fingerprint": "345b161d5a9866e94c1ff1686d5b9156ce4c0aa404149c80ec35f81a08a601c1",
  "environment": {
    "torch": "2.14.0+cu130",
    "device": "NVIDIA A10G",
    "peak_flops": 70000000000000.0
  }
}
