
COMMAND: ['/opt/conda/bin/python', '-m', 'train.run', '--mixer', 'log_linear_attention', '--steps', '10', '--layers', '9', '--width', '768', '--num-heads', '12', '--head-dim', '64', '--sequence-length', '512', '--batch-tokens', '8192', '--microbatch-tokens', '8192', '--out', 'results/sweep/log_linear_attention.json', '--activation-checkpointing']
{
  "mixer": "log_linear_attention",
  "steps": 10,
  "final_loss": 8.953478813171387,
  "mfu": 0.06905047338245857,
  "params": 113372928,
  "checkpoint_aligned": true,
  "grad_trace": {},
  "kl_divergence": null,
  "wallclock_s": 11.57383071698132,
  "throughput_tokens_s": 7078.036823176063,
  "peak_memory_gib": 6.350136756896973,
  "loss_trace": [
    9.43175983428955,
    9.327776908874512,
    9.22663402557373,
    9.024045944213867,
    8.989503860473633,
    9.239038467407227,
    9.23817253112793,
    9.126895904541016,
    9.11489486694336,
    8.953478813171387
  ],
  "memory_trace_gib": [
    1.0128788948059082,
    1.0128788948059082,
    1.0128788948059082,
    1.0128788948059082,
    1.0128788948059082,
    1.0128788948059082,
    1.0128788948059082,
    1.0128788948059082,
    1.0128788948059082,
    1.0128788948059082
  ],
  "config": {
    "mixer": "log_linear_attention",
    "vocab_size": 50304,
    "sequence_length": 512,
    "layers": 9,
    "width": 768,
    "num_heads": 12,
    "head_dim": 64,
    "mlp_ratio": 4,
    "batch_tokens": 8192,
    "microbatch_tokens": 8192,
    "steps": 10,
    "seed": 0,
    "target_mfu": 0.5,
    "capture_gradients": false,
    "compile_model": true,
    "bf16": true,
    "activation_checkpointing": true,
    "target": null
  },
  "measurement_version": 2,
  "source_fingerprint": "345b161d5a9866e94c1ff1686d5b9156ce4c0aa404149c80ec35f81a08a601c1",
  "environment": {
    "torch": "2.14.0+cu130",
    "device": "NVIDIA A10G",
    "peak_flops": 70000000000000.0
  }
}
