
COMMAND: ['/opt/conda/bin/python', '-m', 'train.run', '--mixer', 'mamba2', '--steps', '10', '--layers', '9', '--width', '768', '--num-heads', '12', '--head-dim', '64', '--sequence-length', '512', '--batch-tokens', '8192', '--microbatch-tokens', '8192', '--out', 'results/sweep/mamba2.json']
{
  "mixer": "mamba2",
  "steps": 10,
  "final_loss": 9.066067695617676,
  "mfu": 0.22627506695989297,
  "params": 87784920,
  "checkpoint_aligned": true,
  "grad_trace": {},
  "kl_divergence": null,
  "wallclock_s": 2.7378483049978968,
  "throughput_tokens_s": 29921.307126642627,
  "peak_memory_gib": 5.275001525878906,
  "loss_trace": [
    10.360891342163086,
    9.943069458007812,
    9.626916885375977,
    9.418371200561523,
    9.226301193237305,
    9.438838958740234,
    9.403135299682617,
    9.2178955078125,
    9.208731651306152,
    9.066067695617676
  ],
  "memory_trace_gib": [
    0.8196158409118652,
    0.8196158409118652,
    0.8196158409118652,
    0.8196158409118652,
    0.8196158409118652,
    0.8196158409118652,
    0.8196158409118652,
    0.8196158409118652,
    0.8196158409118652,
    0.8196158409118652
  ],
  "config": {
    "mixer": "mamba2",
    "vocab_size": 50304,
    "sequence_length": 512,
    "layers": 9,
    "width": 768,
    "num_heads": 12,
    "head_dim": 64,
    "mlp_ratio": 4,
    "batch_tokens": 8192,
    "microbatch_tokens": 8192,
    "steps": 10,
    "seed": 0,
    "target_mfu": 0.5,
    "capture_gradients": false,
    "compile_model": true,
    "bf16": true,
    "activation_checkpointing": false,
    "target": null
  },
  "measurement_version": 2,
  "source_fingerprint": "345b161d5a9866e94c1ff1686d5b9156ce4c0aa404149c80ec35f81a08a601c1",
  "environment": {
    "torch": "2.14.0+cu130",
    "device": "NVIDIA A10G",
    "peak_flops": 70000000000000.0
  }
}
