
COMMAND: ['/opt/conda/bin/python', '-m', 'train.run', '--mixer', 'moba', '--steps', '10', '--layers', '9', '--width', '768', '--num-heads', '12', '--head-dim', '64', '--sequence-length', '512', '--batch-tokens', '8192', '--microbatch-tokens', '8192', '--out', 'results/sweep/moba.json']
{
  "mixer": "moba",
  "steps": 10,
  "final_loss": 9.28537654876709,
  "mfu": 0.3141161191828816,
  "params": 102742272,
  "checkpoint_aligned": true,
  "grad_trace": {},
  "kl_divergence": null,
  "wallclock_s": 2.306577142997412,
  "throughput_tokens_s": 35515.829266193294,
  "peak_memory_gib": 5.444454193115234,
  "loss_trace": [
    9.7753267288208,
    9.26711654663086,
    9.00052261352539,
    9.778450965881348,
    9.25160026550293,
    9.60837459564209,
    9.63252067565918,
    9.583759307861328,
    9.268259048461914,
    9.28537654876709
  ],
  "memory_trace_gib": [
    0.9431357383728027,
    0.9431357383728027,
    0.9431357383728027,
    0.9431357383728027,
    0.9431357383728027,
    0.9431357383728027,
    0.9431357383728027,
    0.9431357383728027,
    0.9431357383728027,
    0.9431357383728027
  ],
  "config": {
    "mixer": "moba",
    "vocab_size": 50304,
    "sequence_length": 512,
    "layers": 9,
    "width": 768,
    "num_heads": 12,
    "head_dim": 64,
    "mlp_ratio": 4,
    "batch_tokens": 8192,
    "microbatch_tokens": 8192,
    "steps": 10,
    "seed": 0,
    "target_mfu": 0.5,
    "capture_gradients": false,
    "compile_model": true,
    "bf16": true,
    "activation_checkpointing": false,
    "target": null
  },
  "measurement_version": 2,
  "source_fingerprint": "345b161d5a9866e94c1ff1686d5b9156ce4c0aa404149c80ec35f81a08a601c1",
  "environment": {
    "torch": "2.14.0+cu130",
    "device": "NVIDIA A10G",
    "peak_flops": 70000000000000.0
  }
}
