
COMMAND: ['/opt/conda/bin/python', '-m', 'train.run', '--mixer', 'pattention', '--steps', '10', '--layers', '9', '--width', '768', '--num-heads', '12', '--head-dim', '64', '--sequence-length', '512', '--batch-tokens', '8192', '--microbatch-tokens', '8192', '--out', 'results/sweep/pattention.json']
{
  "mixer": "pattention",
  "steps": 10,
  "final_loss": 14.905525207519531,
  "mfu": 0.17365262123059505,
  "params": 43464960,
  "checkpoint_aligned": true,
  "grad_trace": {},
  "kl_divergence": null,
  "wallclock_s": 1.7754106450011022,
  "throughput_tokens_s": 46141.43788686653,
  "peak_memory_gib": 5.667774200439453,
  "loss_trace": [
    21.253982543945312,
    21.807575225830078,
    20.784671783447266,
    18.177202224731445,
    16.620616912841797,
    16.3887939453125,
    16.046361923217773,
    15.22330379486084,
    15.497973442077637,
    14.905525207519531
  ],
  "memory_trace_gib": [
    0.48720312118530273,
    0.48720312118530273,
    0.48720312118530273,
    0.48720312118530273,
    0.48720312118530273,
    0.48720312118530273,
    0.48720312118530273,
    0.48720312118530273,
    0.48720312118530273,
    0.48720312118530273
  ],
  "config": {
    "mixer": "pattention",
    "vocab_size": 50304,
    "sequence_length": 512,
    "layers": 9,
    "width": 768,
    "num_heads": 12,
    "head_dim": 64,
    "mlp_ratio": 4,
    "batch_tokens": 8192,
    "microbatch_tokens": 8192,
    "steps": 10,
    "seed": 0,
    "target_mfu": 0.5,
    "capture_gradients": false,
    "compile_model": true,
    "bf16": true,
    "activation_checkpointing": false,
    "target": null
  },
  "measurement_version": 2,
  "source_fingerprint": "345b161d5a9866e94c1ff1686d5b9156ce4c0aa404149c80ec35f81a08a601c1",
  "environment": {
    "torch": "2.14.0+cu130",
    "device": "NVIDIA A10G",
    "peak_flops": 70000000000000.0
  }
}
