
COMMAND: ['/opt/conda/bin/python', '-m', 'train.run', '--mixer', 'sdm', '--steps', '10', '--layers', '9', '--width', '768', '--num-heads', '12', '--head-dim', '64', '--sequence-length', '512', '--batch-tokens', '8192', '--microbatch-tokens', '8192', '--out', '/tmp/urm-sdm-native-final-sweep/sdm.json']
{
  "mixer": "sdm",
  "steps": 10,
  "final_loss": 9.172621726989746,
  "mfu": 0.1937805405951013,
  "params": 94952448,
  "checkpoint_aligned": true,
  "grad_trace": {},
  "kl_divergence": null,
  "wallclock_s": 3.446650405006949,
  "throughput_tokens_s": 23768.003822202223,
  "peak_memory_gib": 11.16291618347168,
  "loss_trace": [
    9.070734024047852,
    9.32371711730957,
    9.212075233459473,
    9.149574279785156,
    9.11001205444336,
    9.73336410522461,
    9.329136848449707,
    9.082717895507812,
    9.022846221923828,
    9.172621726989746
  ],
  "memory_trace_gib": [
    0.9984087944030762,
    0.9984087944030762,
    0.9984087944030762,
    0.9984087944030762,
    0.9984087944030762,
    0.9984087944030762,
    0.9984087944030762,
    0.9984087944030762,
    0.9984087944030762,
    0.9984087944030762
  ],
  "config": {
    "mixer": "sdm",
    "vocab_size": 50304,
    "sequence_length": 512,
    "layers": 9,
    "width": 768,
    "num_heads": 12,
    "head_dim": 64,
    "mlp_ratio": 4,
    "batch_tokens": 8192,
    "microbatch_tokens": 8192,
    "steps": 10,
    "seed": 0,
    "target_mfu": 0.5,
    "capture_gradients": false,
    "compile_model": true,
    "bf16": true,
    "activation_checkpointing": false,
    "target": null
  },
  "measurement_version": 2,
  "source_fingerprint": "487a6ddbd7320d01401f83a87c998c6ac2b779a9e65dad87f7114042d3cdac8f",
  "environment": {
    "torch": "2.14.0+cu130",
    "device": "NVIDIA A10G",
    "peak_flops": 70000000000000.0
  },
  "sdm_execution": {
    "schedule": "native-k3",
    "chunk_size": 128,
    "routes": "native-public",
    "public_path": true,
    "provider": "urm_native_sparse_state_mixer_v0"
  }
}
