
COMMAND: ['/opt/conda/bin/python', '-m', 'train.run', '--mixer', 'sparse_transformer', '--steps', '10', '--layers', '9', '--width', '768', '--num-heads', '12', '--head-dim', '64', '--sequence-length', '512', '--batch-tokens', '8192', '--microbatch-tokens', '8192', '--out', 'results/sweep/sparse_transformer.json']
{
  "mixer": "sparse_transformer",
  "steps": 10,
  "final_loss": 12.97646713256836,
  "mfu": 0.13986277602043673,
  "params": 102742272,
  "checkpoint_aligned": true,
  "grad_trace": {},
  "kl_divergence": null,
  "wallclock_s": 5.180313743010629,
  "throughput_tokens_s": 15813.714007289214,
  "peak_memory_gib": 5.708736419677734,
  "loss_trace": [
    14.014643669128418,
    13.600688934326172,
    12.915895462036133,
    14.5868558883667,
    12.347166061401367,
    13.0696439743042,
    12.217741012573242,
    12.449180603027344,
    11.616859436035156,
    12.97646713256836
  ],
  "memory_trace_gib": [
    0.9449667930603027,
    0.9449667930603027,
    0.9449667930603027,
    0.9449667930603027,
    0.9449667930603027,
    0.9449667930603027,
    0.9449667930603027,
    0.9449667930603027,
    0.9449667930603027,
    0.9449667930603027
  ],
  "config": {
    "mixer": "sparse_transformer",
    "vocab_size": 50304,
    "sequence_length": 512,
    "layers": 9,
    "width": 768,
    "num_heads": 12,
    "head_dim": 64,
    "mlp_ratio": 4,
    "batch_tokens": 8192,
    "microbatch_tokens": 8192,
    "steps": 10,
    "seed": 0,
    "target_mfu": 0.5,
    "capture_gradients": false,
    "compile_model": true,
    "bf16": true,
    "activation_checkpointing": false,
    "target": null
  },
  "measurement_version": 2,
  "source_fingerprint": "345b161d5a9866e94c1ff1686d5b9156ce4c0aa404149c80ec35f81a08a601c1",
  "environment": {
    "torch": "2.14.0+cu130",
    "device": "NVIDIA A10G",
    "peak_flops": 70000000000000.0
  }
}
