
COMMAND: ['/opt/conda/bin/python', '-m', 'train.run', '--mixer', 'tpa_attention', '--steps', '10', '--layers', '9', '--width', '768', '--num-heads', '12', '--head-dim', '64', '--sequence-length', '512', '--batch-tokens', '8192', '--microbatch-tokens', '8192', '--out', 'results/sweep/tpa_attention.json']
{
  "mixer": "tpa_attention",
  "steps": 10,
  "final_loss": 9.075969696044922,
  "mfu": 0.2766404834704781,
  "params": 99424512,
  "checkpoint_aligned": true,
  "grad_trace": {},
  "kl_divergence": null,
  "wallclock_s": 2.534830365999369,
  "throughput_tokens_s": 32317.74445297157,
  "peak_memory_gib": 6.021347522735596,
  "loss_trace": [
    9.466772079467773,
    10.488712310791016,
    9.453754425048828,
    9.038206100463867,
    9.401936531066895,
    9.466960906982422,
    9.4699125289917,
    9.35046672821045,
    9.473430633544922,
    9.075969696044922
  ],
  "memory_trace_gib": [
    0.9143314361572266,
    0.9143314361572266,
    0.9143314361572266,
    0.9143314361572266,
    0.9143314361572266,
    0.9143314361572266,
    0.9143314361572266,
    0.9143314361572266,
    0.9143314361572266,
    0.9143314361572266
  ],
  "config": {
    "mixer": "tpa_attention",
    "vocab_size": 50304,
    "sequence_length": 512,
    "layers": 9,
    "width": 768,
    "num_heads": 12,
    "head_dim": 64,
    "mlp_ratio": 4,
    "batch_tokens": 8192,
    "microbatch_tokens": 8192,
    "steps": 10,
    "seed": 0,
    "target_mfu": 0.5,
    "capture_gradients": false,
    "compile_model": true,
    "bf16": true,
    "activation_checkpointing": false,
    "target": null
  },
  "measurement_version": 2,
  "source_fingerprint": "345b161d5a9866e94c1ff1686d5b9156ce4c0aa404149c80ec35f81a08a601c1",
  "environment": {
    "torch": "2.14.0+cu130",
    "device": "NVIDIA A10G",
    "peak_flops": 70000000000000.0
  }
}
