
COMMAND: ['/opt/conda/bin/python', '-m', 'train.run', '--mixer', 'tucker_attention', '--steps', '10', '--layers', '9', '--width', '768', '--num-heads', '12', '--head-dim', '64', '--sequence-length', '512', '--batch-tokens', '8192', '--microbatch-tokens', '8192', '--out', 'results/sweep/tucker_attention.json', '--activation-checkpointing']
{
  "mixer": "tucker_attention",
  "steps": 10,
  "final_loss": 22.02941131591797,
  "mfu": 0.12344924188462822,
  "params": 230153760,
  "checkpoint_aligned": true,
  "grad_trace": {},
  "kl_divergence": null,
  "wallclock_s": 13.116160953999497,
  "throughput_tokens_s": 6245.730003413859,
  "peak_memory_gib": 4.684653282165527,
  "loss_trace": [
    24.55218505859375,
    18.276437759399414,
    14.41263198852539,
    14.15796184539795,
    17.759838104248047,
    20.60182762145996,
    22.083194732666016,
    23.731718063354492,
    23.56917953491211,
    22.02941131591797
  ],
  "memory_trace_gib": [
    1.897841453552246,
    1.897841453552246,
    1.897841453552246,
    1.897841453552246,
    1.897841453552246,
    1.897841453552246,
    1.897841453552246,
    1.897841453552246,
    1.897841453552246,
    1.897841453552246
  ],
  "config": {
    "mixer": "tucker_attention",
    "vocab_size": 50304,
    "sequence_length": 512,
    "layers": 9,
    "width": 768,
    "num_heads": 12,
    "head_dim": 64,
    "mlp_ratio": 4,
    "batch_tokens": 8192,
    "microbatch_tokens": 8192,
    "steps": 10,
    "seed": 0,
    "target_mfu": 0.5,
    "capture_gradients": false,
    "compile_model": true,
    "bf16": true,
    "activation_checkpointing": true,
    "target": null
  },
  "measurement_version": 2,
  "source_fingerprint": "345b161d5a9866e94c1ff1686d5b9156ce4c0aa404149c80ec35f81a08a601c1",
  "environment": {
    "torch": "2.14.0+cu130",
    "device": "NVIDIA A10G",
    "peak_flops": 70000000000000.0
  }
}
