
COMMAND: ['/opt/conda/bin/python', '-m', 'train.run', '--mixer', 'yoco', '--steps', '10', '--layers', '9', '--width', '768', '--num-heads', '12', '--head-dim', '64', '--sequence-length', '512', '--batch-tokens', '8192', '--microbatch-tokens', '8192', '--out', 'results/sweep/yoco.json']
{
  "mixer": "yoco",
  "steps": 10,
  "final_loss": 8.775651931762695,
  "mfu": 0.23436343347490524,
  "params": 102825216,
  "checkpoint_aligned": true,
  "grad_trace": {},
  "kl_divergence": null,
  "wallclock_s": 3.0939786939998157,
  "throughput_tokens_s": 26477.234687772183,
  "peak_memory_gib": 5.305761337280273,
  "loss_trace": [
    8.845741271972656,
    8.815410614013672,
    9.058822631835938,
    8.784431457519531,
    9.092155456542969,
    9.190985679626465,
    9.031128883361816,
    8.850282669067383,
    8.90212631225586,
    8.775651931762695
  ],
  "memory_trace_gib": [
    0.933377742767334,
    0.933377742767334,
    0.933377742767334,
    0.933377742767334,
    0.933377742767334,
    0.933377742767334,
    0.933377742767334,
    0.933377742767334,
    0.933377742767334,
    0.933377742767334
  ],
  "config": {
    "mixer": "yoco",
    "vocab_size": 50304,
    "sequence_length": 512,
    "layers": 9,
    "width": 768,
    "num_heads": 12,
    "head_dim": 64,
    "mlp_ratio": 4,
    "batch_tokens": 8192,
    "microbatch_tokens": 8192,
    "steps": 10,
    "seed": 0,
    "target_mfu": 0.5,
    "capture_gradients": false,
    "compile_model": true,
    "bf16": true,
    "activation_checkpointing": false,
    "target": null
  },
  "measurement_version": 2,
  "source_fingerprint": "345b161d5a9866e94c1ff1686d5b9156ce4c0aa404149c80ec35f81a08a601c1",
  "environment": {
    "torch": "2.14.0+cu130",
    "device": "NVIDIA A10G",
    "peak_flops": 70000000000000.0
  }
}
