[upstream] 1 rows -> results_upstream
Traceback (most recent call last):
  File "<frozen runpy>", line 198, in _run_module_as_main
  File "<frozen runpy>", line 88, in _run_code
  File "/home/sagemaker-user/GL-SDM/projects/urm/train/upstream.py", line 1364, in <module>
    main()
  File "/home/sagemaker-user/GL-SDM/projects/urm/train/upstream.py", line 1299, in main
    rec = _run_one(rows[0], args)
          ^^^^^^^^^^^^^^^^^^^^^^^
  File "/home/sagemaker-user/GL-SDM/projects/urm/train/upstream.py", line 1279, in _run_one
    rec = train(cfg, spec, data, device="cuda").to_dict()
          ^^^^^^^^^^^^^^^^^^^^^^^^^^^^^^^^^^^^^
  File "/home/sagemaker-user/GL-SDM/projects/urm/train/harness.py", line 312, in train
    checkpoint_aligned = _check_checkpoint_alignment(cfg, mixer, data_iter, device=device)
                         ^^^^^^^^^^^^^^^^^^^^^^^^^^^^^^^^^^^^^^^^^^^^^^^^^^^^^^^^^^^^^^^^^
  File "/home/sagemaker-user/GL-SDM/projects/urm/train/harness.py", line 402, in _check_checkpoint_alignment
    uninterrupted = run_with_checkpoint(None)
                    ^^^^^^^^^^^^^^^^^^^^^^^^^
  File "/home/sagemaker-user/GL-SDM/projects/urm/train/harness.py", line 362, in run_with_checkpoint
    model = build_model(small, mixer, device=device, target=gate_target)
            ^^^^^^^^^^^^^^^^^^^^^^^^^^^^^^^^^^^^^^^^^^^^^^^^^^^^^^^^^^^^
  File "/home/sagemaker-user/GL-SDM/projects/urm/train/harness.py", line 191, in build_model
    model = URMDecoderLM(
            ^^^^^^^^^^^^^
  File "/home/sagemaker-user/GL-SDM/projects/urm/train/model.py", line 137, in __init__
    self.blocks = nn.ModuleList(
                  ^^^^^^^^^^^^^^
  File "/opt/conda/lib/python3.12/site-packages/torch/nn/modules/container.py", line 370, in __init__
    self += modules
  File "/opt/conda/lib/python3.12/site-packages/torch/nn/modules/container.py", line 419, in __iadd__
    return self.extend(modules)
           ^^^^^^^^^^^^^^^^^^^^
  File "/opt/conda/lib/python3.12/site-packages/torch/nn/modules/container.py", line 504, in extend
    for i, module in enumerate(modules):
                     ^^^^^^^^^^^^^^^^^^
  File "/home/sagemaker-user/GL-SDM/projects/urm/train/model.py", line 138, in <genexpr>
    DecoderBlock(width, _build(i), mlp_ratio)
                        ^^^^^^^^^
  File "/home/sagemaker-user/GL-SDM/projects/urm/train/model.py", line 118, in _build
    return mixer.builder(width, num_heads, head_dim, intent, target)
           ^^^^^^^^^^^^^^^^^^^^^^^^^^^^^^^^^^^^^^^^^^^^^^^^^^^^^^^^^
  File "/home/sagemaker-user/GL-SDM/projects/urm/train/upstream.py", line 592, in build
    layer = cls(**kwargs)
            ^^^^^^^^^^^^^
  File "/tmp/urm-comparator-pins/fla/fla/layers/based.py", line 61, in __init__
    assert num_heads == num_key_value_heads, "num_heads must equal num_key_value_heads."
           ^^^^^^^^^^^^^^^^^^^^^^^^^^^^^^^^
AssertionError: num_heads must equal num_key_value_heads.
