[upstream] 1 rows -> results_upstream
/tmp/urm-comparator-pins/fla/fla/layers/comba.py:153: UserWarning: The correction_factor is set to 1 by default similar to Mamba2. However, we find that sometimes correction_factor = 0.02 works better for small-scale models. In practice, we recommend trying both settings. 
  warnings.warn(
Traceback (most recent call last):
  File "/opt/conda/lib/python3.12/site-packages/triton/language/core.py", line 43, in wrapper
    return fn(*args, **kwargs)
           ^^^^^^^^^^^^^^^^^^^
  File "/opt/conda/lib/python3.12/site-packages/triton/language/core.py", line 2417, in dot
    res = _semantic.dot(input, other, acc, input_precision, max_num_imprecise_acc, out_dtype)
          ^^^^^^^^^^^^^^^^^^^^^^^^^^^^^^^^^^^^^^^^^^^^^^^^^^^^^^^^^^^^^^^^^^^^^^^^^^^^^^^^^^^
  File "/opt/conda/lib/python3.12/site-packages/triton/language/semantic.py", line 1441, in dot
    assert lhs.dtype == rhs.dtype, f"Both operands must be same dtype. Got {lhs.dtype} and {rhs.dtype}"
           ^^^^^^^^^^^^^^^^^^^^^^
AssertionError: Both operands must be same dtype. Got bf16 and fp32

The above exception was the direct cause of the following exception:

Traceback (most recent call last):
  File "<frozen runpy>", line 198, in _run_module_as_main
  File "<frozen runpy>", line 88, in _run_code
  File "/home/sagemaker-user/GL-SDM/projects/urm/train/upstream.py", line 1152, in <module>
    
  File "/home/sagemaker-user/GL-SDM/projects/urm/train/upstream.py", line 1102, in main
    # Single-row in-process mode (used by the subprocess driver).
              ^^^^^^^^^^^^^^^^^^^^^^^
  File "/home/sagemaker-user/GL-SDM/projects/urm/train/upstream.py", line 1082, in _run_one
    data = data_generator("finewebedu10B/finewebedu_train_*.bin",
          ^^^^^^^^^^^^^^^^^^^^^^^^^^^^^^^^^^^^^
  File "/home/sagemaker-user/GL-SDM/projects/urm/train/harness.py", line 279, in train
    loss = _step_loss(inputs, targets)
           ^^^^^^^^^^^^^^^^^^^^^^^^^^^
  File "/home/sagemaker-user/GL-SDM/projects/urm/train/harness.py", line 256, in _step_loss
    _, loss = model(inputs, targets)
              ^^^^^^^^^^^^^^^^^^^^^^
  File "/opt/conda/lib/python3.12/site-packages/torch/nn/modules/module.py", line 1783, in _wrapped_call_impl
    return self._call_impl(*args, **kwargs)
           ^^^^^^^^^^^^^^^^^^^^^^^^^^^^^^^^
  File "/opt/conda/lib/python3.12/site-packages/torch/nn/modules/module.py", line 1794, in _call_impl
    return forward_call(*args, **kwargs)
           ^^^^^^^^^^^^^^^^^^^^^^^^^^^^^
  File "/home/sagemaker-user/GL-SDM/projects/urm/train/model.py", line 201, in forward
    logits = self.lm_head(self._hidden(tokens))
                          ^^^^^^^^^^^^^^^^^^^^
  File "/home/sagemaker-user/GL-SDM/projects/urm/train/model.py", line 163, in _hidden
    x = block(x)
        ^^^^^^^^
  File "/opt/conda/lib/python3.12/site-packages/torch/nn/modules/module.py", line 1783, in _wrapped_call_impl
    return self._call_impl(*args, **kwargs)
           ^^^^^^^^^^^^^^^^^^^^^^^^^^^^^^^^
  File "/opt/conda/lib/python3.12/site-packages/torch/nn/modules/module.py", line 1794, in _call_impl
    return forward_call(*args, **kwargs)
           ^^^^^^^^^^^^^^^^^^^^^^^^^^^^^
  File "/home/sagemaker-user/GL-SDM/projects/urm/train/model.py", line 90, in forward
    x = x + self.mixer(self.norm1(x))
            ^^^^^^^^^^^^^^^^^^^^^^^^^
  File "/opt/conda/lib/python3.12/site-packages/torch/nn/modules/module.py", line 1783, in _wrapped_call_impl
    return self._call_impl(*args, **kwargs)
           ^^^^^^^^^^^^^^^^^^^^^^^^^^^^^^^^
  File "/opt/conda/lib/python3.12/site-packages/torch/nn/modules/module.py", line 1794, in _call_impl
    return forward_call(*args, **kwargs)
           ^^^^^^^^^^^^^^^^^^^^^^^^^^^^^
  File "/home/sagemaker-user/GL-SDM/projects/urm/train/upstream.py", line 52, in forward
    out = self.layer(hidden)
          ^^^^^^^^^^^^^^^^^^
  File "/opt/conda/lib/python3.12/site-packages/torch/nn/modules/module.py", line 1783, in _wrapped_call_impl
    return self._call_impl(*args, **kwargs)
           ^^^^^^^^^^^^^^^^^^^^^^^^^^^^^^^^
  File "/opt/conda/lib/python3.12/site-packages/torch/nn/modules/module.py", line 1794, in _call_impl
    return forward_call(*args, **kwargs)
           ^^^^^^^^^^^^^^^^^^^^^^^^^^^^^
  File "/tmp/urm-comparator-pins/fla/fla/layers/comba.py", line 286, in forward
    o, recurrent_state = chunk_comba(
                         ^^^^^^^^^^^^
  File "/opt/conda/lib/python3.12/site-packages/torch/_dynamo/eval_frame.py", line 1548, in _fn
    return fn(*args, **kwargs)
           ^^^^^^^^^^^^^^^^^^^
  File "/tmp/urm-comparator-pins/fla/fla/ops/comba/chunk.py", line 401, in chunk_comba
    o, final_state = ChunkCombaFunction.apply(
                     ^^^^^^^^^^^^^^^^^^^^^^^^^
  File "/tmp/urm-comparator-pins/fla/fla/utils/_decorators.py", line 152, in wrapper
    return fn(*processed_args, **processed_kwargs)
           ^^^^^^^^^^^^^^^^^^^^^^^^^^^^^^^^^^^^^^^
  File "/opt/conda/lib/python3.12/site-packages/torch/amp/autocast_mode.py", line 481, in decorate_fwd
    return fwd(*args, **kwargs)  # pyrefly: ignore [not-callable]
           ^^^^^^^^^^^^^^^^^^^^
  File "/tmp/urm-comparator-pins/fla/fla/ops/comba/chunk.py", line 213, in forward
    g0, g, o, A, final_state = chunk_comba_fwd(
                               ^^^^^^^^^^^^^^^^
  File "/tmp/urm-comparator-pins/fla/fla/ops/comba/chunk.py", line 57, in chunk_comba_fwd
    w, u = recompute_w_u_fwd(
           ^^^^^^^^^^^^^^^^^^
  File "/tmp/urm-comparator-pins/fla/fla/ops/comba/wy_fast.py", line 382, in recompute_w_u_fwd
    recompute_w_u_fwd_kernel[(NT, B*HV)](
  File "/opt/conda/lib/python3.12/site-packages/triton/runtime/jit.py", line 374, in <lambda>
    return lambda *args, **kwargs: self.run(grid=grid, warmup=False, *args, **kwargs)
                                   ^^^^^^^^^^^^^^^^^^^^^^^^^^^^^^^^^^^^^^^^^^^^^^^^^^
  File "/opt/conda/lib/python3.12/site-packages/triton/runtime/autotuner.py", line 483, in run
    return self.fn.run(*args, **kwargs)
           ^^^^^^^^^^^^^^^^^^^^^^^^^^^^
  File "/opt/conda/lib/python3.12/site-packages/triton/runtime/autotuner.py", line 249, in run
    used_cached_result = self.check_disk_cache(key, pruned_configs, benchmark)
                         ^^^^^^^^^^^^^^^^^^^^^^^^^^^^^^^^^^^^^^^^^^^^^^^^^^^^^
  File "/opt/conda/lib/python3.12/site-packages/triton/runtime/autotuner.py", line 207, in check_disk_cache
    bench_fn()
  File "/opt/conda/lib/python3.12/site-packages/triton/runtime/autotuner.py", line 240, in benchmark
    timings = {config: self._bench(*args, config=config, **kwargs) for config in pruned_configs}
                       ^^^^^^^^^^^^^^^^^^^^^^^^^^^^^^^^^^^^^^^^^^^
  File "/opt/conda/lib/python3.12/site-packages/triton/runtime/autotuner.py", line 169, in _bench
    return self.do_bench(kernel_call, quantiles=(0.5, 0.2, 0.8))
           ^^^^^^^^^^^^^^^^^^^^^^^^^^^^^^^^^^^^^^^^^^^^^^^^^^^^^
  File "/opt/conda/lib/python3.12/site-packages/triton/testing.py", line 272, in do_bench
    fn()
  File "/opt/conda/lib/python3.12/site-packages/triton/runtime/autotuner.py", line 155, in kernel_call
    self.fn.run(
  File "/opt/conda/lib/python3.12/site-packages/triton/runtime/jit.py", line 757, in run
    kernel = self._do_compile(key, signature, device, constexprs, options, attrs, warmup)
             ^^^^^^^^^^^^^^^^^^^^^^^^^^^^^^^^^^^^^^^^^^^^^^^^^^^^^^^^^^^^^^^^^^^^^^^^^^^^
  File "/opt/conda/lib/python3.12/site-packages/triton/runtime/jit.py", line 902, in _do_compile
    kernel = self.compile(src, target=target, options=options.__dict__)
             ^^^^^^^^^^^^^^^^^^^^^^^^^^^^^^^^^^^^^^^^^^^^^^^^^^^^^^^^^^
  File "/opt/conda/lib/python3.12/site-packages/triton/compiler/compiler.py", line 307, in compile
    module = src.make_ir(target, options, codegen_fns, module_map, context)
             ^^^^^^^^^^^^^^^^^^^^^^^^^^^^^^^^^^^^^^^^^^^^^^^^^^^^^^^^^^^^^^
  File "/opt/conda/lib/python3.12/site-packages/triton/compiler/compiler.py", line 80, in make_ir
    return ast_to_ttir(self.fn, self, context=context, options=options, codegen_fns=codegen_fns,
           ^^^^^^^^^^^^^^^^^^^^^^^^^^^^^^^^^^^^^^^^^^^^^^^^^^^^^^^^^^^^^^^^^^^^^^^^^^^^^^^^^^^^^
triton.compiler.errors.CompilationError: at 57:14:
        b_vb = (b_v * b_beta[:, None]).to(b_v.dtype)
        b_u = tl.dot(b_A, b_vb, allow_tf32=False)
        tl.store(p_u, b_u.to(p_u.dtype.element_ty), mask=m_v)

    for i_k in range(tl.cdiv(K, BK)):
        o_k = i_k * BK + tl.arange(0, BK)
        m_k = m_t[:, None] & (o_k[None, :] < K)
        p_k = k + (bos*H + i_h // (HV // H)) * K + o_t[:, None] * (H*K) + o_k[None, :]
        p_w = w + (bos*HV + i_h) * K + o_t[:, None] * (HV*K) + o_k[None, :]
        b_k = tl.load(p_k, mask=m_k, other=0.0)
        b_kb = (b_k * b_beta[:, None] * b_g[:, None]).to(b_k.dtype)
        b_w = tl.dot(b_A, b_kb)
              ^
Both operands must be same dtype. Got bf16 and fp32
