[upstream] 1 rows -> results_upstream
[W926 21:01:21.798203687 CUDACachingAllocator.cpp:3934] memory allocation failed with OOM on device 0 while trying to allocate 20971520 bytes (free: 5701632, total: 23686938624).
[W926 21:01:21.798504793 CUDACachingAllocator.cpp:3934] memory allocation failed with OOM on device 0 while trying to allocate 20971520 bytes (free: 5701632, total: 23686938624).
Traceback (most recent call last):
  File "<frozen runpy>", line 198, in _run_module_as_main
  File "<frozen runpy>", line 88, in _run_code
  File "/home/sagemaker-user/GL-SDM/projects/urm/train/upstream.py", line 1210, in <module>
    main()
  File "/home/sagemaker-user/GL-SDM/projects/urm/train/upstream.py", line 1160, in main
    rec = _run_one(rows[0], args)
          ^^^^^^^^^^^^^^^^^^^^^^^
  File "/home/sagemaker-user/GL-SDM/projects/urm/train/upstream.py", line 1140, in _run_one
    rec = train(cfg, spec, data, device="cuda").to_dict()
          ^^^^^^^^^^^^^^^^^^^^^^^^^^^^^^^^^^^^^
  File "/home/sagemaker-user/GL-SDM/projects/urm/train/harness.py", line 279, in train
    loss = _step_loss(inputs, targets)
           ^^^^^^^^^^^^^^^^^^^^^^^^^^^
  File "/home/sagemaker-user/GL-SDM/projects/urm/train/harness.py", line 256, in _step_loss
    _, loss = model(inputs, targets)
              ^^^^^^^^^^^^^^^^^^^^^^
  File "/opt/conda/lib/python3.12/site-packages/torch/nn/modules/module.py", line 1783, in _wrapped_call_impl
    return self._call_impl(*args, **kwargs)
           ^^^^^^^^^^^^^^^^^^^^^^^^^^^^^^^^
  File "/opt/conda/lib/python3.12/site-packages/torch/nn/modules/module.py", line 1794, in _call_impl
    return forward_call(*args, **kwargs)
           ^^^^^^^^^^^^^^^^^^^^^^^^^^^^^
  File "/home/sagemaker-user/GL-SDM/projects/urm/train/model.py", line 201, in forward
    logits = self.lm_head(self._hidden(tokens))
                          ^^^^^^^^^^^^^^^^^^^^
  File "/home/sagemaker-user/GL-SDM/projects/urm/train/model.py", line 163, in _hidden
    x = block(x)
        ^^^^^^^^
  File "/opt/conda/lib/python3.12/site-packages/torch/nn/modules/module.py", line 1783, in _wrapped_call_impl
    return self._call_impl(*args, **kwargs)
           ^^^^^^^^^^^^^^^^^^^^^^^^^^^^^^^^
  File "/opt/conda/lib/python3.12/site-packages/torch/nn/modules/module.py", line 1794, in _call_impl
    return forward_call(*args, **kwargs)
           ^^^^^^^^^^^^^^^^^^^^^^^^^^^^^
  File "/home/sagemaker-user/GL-SDM/projects/urm/train/model.py", line 90, in forward
    x = x + self.mixer(self.norm1(x))
            ^^^^^^^^^^^^^^^^^^^^^^^^^
  File "/opt/conda/lib/python3.12/site-packages/torch/nn/modules/module.py", line 1783, in _wrapped_call_impl
    return self._call_impl(*args, **kwargs)
           ^^^^^^^^^^^^^^^^^^^^^^^^^^^^^^^^
  File "/opt/conda/lib/python3.12/site-packages/torch/nn/modules/module.py", line 1794, in _call_impl
    return forward_call(*args, **kwargs)
           ^^^^^^^^^^^^^^^^^^^^^^^^^^^^^
  File "/home/sagemaker-user/GL-SDM/projects/urm/train/upstream.py", line 158, in forward
    out = self._op(q, k, v, a, b, output_final_state=False)
          ^^^^^^^^^^^^^^^^^^^^^^^^^^^^^^^^^^^^^^^^^^^^^^^^^
  File "/tmp/urm-comparator-pins/fla/fla/ops/generalized_delta_rule/iplr/naive.py", line 33, in iplr_recurrence
    _kv = _k[..., None] * _v[..., None, :] + (S.clone() * _alpha[..., None]).sum(-2, keepdim=True) * _beta[..., None]
          ~~~~~~~~~~~~~~~~~~~~~~~~~~~~~~~~~^~~~~~~~~~~~~~~~~~~~~~~~~~~~~~~~~~~~~~~~~~~~~~~~~~~~~~~~~~~~~~~~~~~~~~~~~~
torch.OutOfMemoryError: CUDA out of memory. Tried to allocate 20.00 MiB. GPU 0 has a total capacity of 22.06 GiB of which 5.44 MiB is free. Including non-PyTorch memory, this process has 22.05 GiB memory in use. Of the allocated memory 21.74 GiB is allocated by PyTorch, and 2.07 MiB is reserved by PyTorch but unallocated. If reserved but unallocated memory is large try setting PYTORCH_CUDA_ALLOC_CONF=expandable_segments:True to avoid fragmentation.  See documentation for Memory Management  (https://docs.pytorch.org/docs/stable/notes/cuda.html#optimizing-memory-usage-with-pytorch-cuda-alloc-conf)
