[upstream] 1 rows -> results_upstream
The fast path is not available because one of `(selective_state_update, causal_conv1d_fn, causal_conv1d_update)` is None. Falling back to the naive implementation. To install follow https://github.com/state-spaces/mamba/#installation andhttps://github.com/Dao-AILab/causal-conv1d
The CUDA backend is not available because `causal_conv1d` is None. Falling back to the Triton backend. To install follow https://github.com/Dao-AILab/causal-conv1d
LogLinearMamba2 does not recommend using Triton's conv1d backend, as it is untested and may contain bugs.
LogLinearMamba2 does not recommend using Triton's conv1d backend, as it is untested and may contain bugs.
LogLinearMamba2 does not recommend using Triton's conv1d backend, as it is untested and may contain bugs.
LogLinearMamba2 does not recommend using Triton's conv1d backend, as it is untested and may contain bugs.
LogLinearMamba2 does not recommend using Triton's conv1d backend, as it is untested and may contain bugs.
LogLinearMamba2 does not recommend using Triton's conv1d backend, as it is untested and may contain bugs.
LogLinearMamba2 does not recommend using Triton's conv1d backend, as it is untested and may contain bugs.
LogLinearMamba2 does not recommend using Triton's conv1d backend, as it is untested and may contain bugs.
LogLinearMamba2 does not recommend using Triton's conv1d backend, as it is untested and may contain bugs.
/tmp/urm-comparator-pins/fla/fla/ops/log_linear_attn/chunk.py:1157: UserWarning: Triton>3.2.0 detected, which is known to have worse performance. For optimal performance, it is recommended to install Triton==3.2.0 (if possible).
  warnings.warn("Triton>3.2.0 detected, which is known to have worse performance. "
Traceback (most recent call last):
  File "/opt/conda/lib/python3.12/site-packages/triton/language/core.py", line 43, in wrapper
    return fn(*args, **kwargs)
           ^^^^^^^^^^^^^^^^^^^
  File "/opt/conda/lib/python3.12/site-packages/triton/language/core.py", line 2417, in dot
    res = _semantic.dot(input, other, acc, input_precision, max_num_imprecise_acc, out_dtype)
          ^^^^^^^^^^^^^^^^^^^^^^^^^^^^^^^^^^^^^^^^^^^^^^^^^^^^^^^^^^^^^^^^^^^^^^^^^^^^^^^^^^^
  File "/opt/conda/lib/python3.12/site-packages/triton/language/semantic.py", line 1441, in dot
    assert lhs.dtype == rhs.dtype, f"Both operands must be same dtype. Got {lhs.dtype} and {rhs.dtype}"
           ^^^^^^^^^^^^^^^^^^^^^^
AssertionError: Both operands must be same dtype. Got fp32 and bf16

The above exception was the direct cause of the following exception:

Traceback (most recent call last):
  File "<frozen runpy>", line 198, in _run_module_as_main
  File "<frozen runpy>", line 88, in _run_code
  File "/home/sagemaker-user/GL-SDM/projects/urm/train/upstream.py", line 1225, in <module>
    main()
  File "/home/sagemaker-user/GL-SDM/projects/urm/train/upstream.py", line 1160, in main
    rec = _run_one(rows[0], args)
          ^^^^^^^^^^^^^^^^^^^^^^^
  File "/home/sagemaker-user/GL-SDM/projects/urm/train/upstream.py", line 1140, in _run_one
    rec = train(cfg, spec, data, device="cuda").to_dict()
          ^^^^^^^^^^^^^^^^^^^^^^^^^^^^^^^^^^^^^
  File "/home/sagemaker-user/GL-SDM/projects/urm/train/harness.py", line 279, in train
    loss = _step_loss(inputs, targets)
           ^^^^^^^^^^^^^^^^^^^^^^^^^^^
  File "/home/sagemaker-user/GL-SDM/projects/urm/train/harness.py", line 256, in _step_loss
    _, loss = model(inputs, targets)
              ^^^^^^^^^^^^^^^^^^^^^^
  File "/opt/conda/lib/python3.12/site-packages/torch/nn/modules/module.py", line 1783, in _wrapped_call_impl
    return self._call_impl(*args, **kwargs)
           ^^^^^^^^^^^^^^^^^^^^^^^^^^^^^^^^
  File "/opt/conda/lib/python3.12/site-packages/torch/nn/modules/module.py", line 1794, in _call_impl
    return forward_call(*args, **kwargs)
           ^^^^^^^^^^^^^^^^^^^^^^^^^^^^^
  File "/home/sagemaker-user/GL-SDM/projects/urm/train/model.py", line 201, in forward
    logits = self.lm_head(self._hidden(tokens))
                          ^^^^^^^^^^^^^^^^^^^^
  File "/home/sagemaker-user/GL-SDM/projects/urm/train/model.py", line 163, in _hidden
    x = block(x)
        ^^^^^^^^
  File "/opt/conda/lib/python3.12/site-packages/torch/nn/modules/module.py", line 1783, in _wrapped_call_impl
    return self._call_impl(*args, **kwargs)
           ^^^^^^^^^^^^^^^^^^^^^^^^^^^^^^^^
  File "/opt/conda/lib/python3.12/site-packages/torch/nn/modules/module.py", line 1794, in _call_impl
    return forward_call(*args, **kwargs)
           ^^^^^^^^^^^^^^^^^^^^^^^^^^^^^
  File "/home/sagemaker-user/GL-SDM/projects/urm/train/model.py", line 90, in forward
    x = x + self.mixer(self.norm1(x))
            ^^^^^^^^^^^^^^^^^^^^^^^^^
  File "/opt/conda/lib/python3.12/site-packages/torch/nn/modules/module.py", line 1783, in _wrapped_call_impl
    return self._call_impl(*args, **kwargs)
           ^^^^^^^^^^^^^^^^^^^^^^^^^^^^^^^^
  File "/opt/conda/lib/python3.12/site-packages/torch/nn/modules/module.py", line 1794, in _call_impl
    return forward_call(*args, **kwargs)
           ^^^^^^^^^^^^^^^^^^^^^^^^^^^^^
  File "/home/sagemaker-user/GL-SDM/projects/urm/train/upstream.py", line 62, in forward
    out = self.layer(hidden.to(dtype))
          ^^^^^^^^^^^^^^^^^^^^^^^^^^^^
  File "/opt/conda/lib/python3.12/site-packages/torch/nn/modules/module.py", line 1783, in _wrapped_call_impl
    return self._call_impl(*args, **kwargs)
           ^^^^^^^^^^^^^^^^^^^^^^^^^^^^^^^^
  File "/opt/conda/lib/python3.12/site-packages/torch/nn/modules/module.py", line 1794, in _call_impl
    return forward_call(*args, **kwargs)
           ^^^^^^^^^^^^^^^^^^^^^^^^^^^^^
  File "/tmp/urm-comparator-pins/fla/fla/layers/log_linear_mamba2.py", line 761, in forward
    output, conv_state, hssm_state = self.cuda_kernels_forward(
                                     ^^^^^^^^^^^^^^^^^^^^^^^^^^
  File "/tmp/urm-comparator-pins/fla/fla/layers/log_linear_mamba2.py", line 605, in cuda_kernels_forward
    out = torch.utils.checkpoint.checkpoint(
          ^^^^^^^^^^^^^^^^^^^^^^^^^^^^^^^^^^
  File "/opt/conda/lib/python3.12/site-packages/torch/_compile.py", line 54, in inner
    return disable_fn(*args, **kwargs)
           ^^^^^^^^^^^^^^^^^^^^^^^^^^^
  File "/opt/conda/lib/python3.12/site-packages/torch/_dynamo/eval_frame.py", line 1548, in _fn
    return fn(*args, **kwargs)
           ^^^^^^^^^^^^^^^^^^^
  File "/opt/conda/lib/python3.12/site-packages/torch/utils/checkpoint.py", line 606, in checkpoint
    return _checkpoint_impl(
           ^^^^^^^^^^^^^^^^^
  File "/opt/conda/lib/python3.12/site-packages/torch/utils/checkpoint.py", line 681, in _checkpoint_impl
    gen.throw(e)
  File "/opt/conda/lib/python3.12/site-packages/torch/utils/checkpoint.py", line 1988, in _checkpoint_without_reentrant_generator_impl
    yield
  File "/opt/conda/lib/python3.12/site-packages/torch/utils/checkpoint.py", line 678, in _checkpoint_impl
    ret = function(*args, **kwargs)
          ^^^^^^^^^^^^^^^^^^^^^^^^^
  File "/tmp/urm-comparator-pins/fla/fla/layers/log_linear_mamba2.py", line 251, in hmamba_split_conv1d_scan_combined
    y, _ = hmamba_chunk_scan_combined(
           ^^^^^^^^^^^^^^^^^^^^^^^^^^^
  File "/tmp/urm-comparator-pins/fla/fla/layers/log_linear_mamba2.py", line 107, in hmamba_chunk_scan_combined
    y, state = chunk_log_linear_attn(
               ^^^^^^^^^^^^^^^^^^^^^^
  File "/opt/conda/lib/python3.12/site-packages/torch/_dynamo/eval_frame.py", line 1548, in _fn
    return fn(*args, **kwargs)
           ^^^^^^^^^^^^^^^^^^^
  File "/tmp/urm-comparator-pins/fla/fla/ops/log_linear_attn/chunk.py", line 1550, in chunk_log_linear_attn
    o, final_state = ChunkLogLinearAttentionFunction.apply(
                     ^^^^^^^^^^^^^^^^^^^^^^^^^^^^^^^^^^^^^^
  File "/tmp/urm-comparator-pins/fla/fla/utils/_decorators.py", line 152, in wrapper
    return fn(*processed_args, **processed_kwargs)
           ^^^^^^^^^^^^^^^^^^^^^^^^^^^^^^^^^^^^^^^
  File "/opt/conda/lib/python3.12/site-packages/torch/amp/autocast_mode.py", line 481, in decorate_fwd
    return fwd(*args, **kwargs)  # pyrefly: ignore [not-callable]
           ^^^^^^^^^^^^^^^^^^^^
  File "/tmp/urm-comparator-pins/fla/fla/ops/log_linear_attn/chunk.py", line 1274, in forward
    chunkwise_fwd_kernel[grid](
  File "/opt/conda/lib/python3.12/site-packages/triton/runtime/jit.py", line 374, in <lambda>
    return lambda *args, **kwargs: self.run(grid=grid, warmup=False, *args, **kwargs)
                                   ^^^^^^^^^^^^^^^^^^^^^^^^^^^^^^^^^^^^^^^^^^^^^^^^^^
  File "/opt/conda/lib/python3.12/site-packages/triton/runtime/autotuner.py", line 483, in run
    return self.fn.run(*args, **kwargs)
           ^^^^^^^^^^^^^^^^^^^^^^^^^^^^
  File "/opt/conda/lib/python3.12/site-packages/triton/runtime/autotuner.py", line 249, in run
    used_cached_result = self.check_disk_cache(key, pruned_configs, benchmark)
                         ^^^^^^^^^^^^^^^^^^^^^^^^^^^^^^^^^^^^^^^^^^^^^^^^^^^^^
  File "/opt/conda/lib/python3.12/site-packages/triton/runtime/autotuner.py", line 207, in check_disk_cache
    bench_fn()
  File "/opt/conda/lib/python3.12/site-packages/triton/runtime/autotuner.py", line 240, in benchmark
    timings = {config: self._bench(*args, config=config, **kwargs) for config in pruned_configs}
                       ^^^^^^^^^^^^^^^^^^^^^^^^^^^^^^^^^^^^^^^^^^^
  File "/opt/conda/lib/python3.12/site-packages/triton/runtime/autotuner.py", line 169, in _bench
    return self.do_bench(kernel_call, quantiles=(0.5, 0.2, 0.8))
           ^^^^^^^^^^^^^^^^^^^^^^^^^^^^^^^^^^^^^^^^^^^^^^^^^^^^^
  File "/opt/conda/lib/python3.12/site-packages/triton/testing.py", line 272, in do_bench
    fn()
  File "/opt/conda/lib/python3.12/site-packages/triton/runtime/autotuner.py", line 155, in kernel_call
    self.fn.run(
  File "/opt/conda/lib/python3.12/site-packages/triton/runtime/jit.py", line 757, in run
    kernel = self._do_compile(key, signature, device, constexprs, options, attrs, warmup)
             ^^^^^^^^^^^^^^^^^^^^^^^^^^^^^^^^^^^^^^^^^^^^^^^^^^^^^^^^^^^^^^^^^^^^^^^^^^^^
  File "/opt/conda/lib/python3.12/site-packages/triton/runtime/jit.py", line 902, in _do_compile
    kernel = self.compile(src, target=target, options=options.__dict__)
             ^^^^^^^^^^^^^^^^^^^^^^^^^^^^^^^^^^^^^^^^^^^^^^^^^^^^^^^^^^
  File "/opt/conda/lib/python3.12/site-packages/triton/compiler/compiler.py", line 307, in compile
    module = src.make_ir(target, options, codegen_fns, module_map, context)
             ^^^^^^^^^^^^^^^^^^^^^^^^^^^^^^^^^^^^^^^^^^^^^^^^^^^^^^^^^^^^^^
  File "/opt/conda/lib/python3.12/site-packages/triton/compiler/compiler.py", line 80, in make_ir
    return ast_to_ttir(self.fn, self, context=context, options=options, codegen_fns=codegen_fns,
           ^^^^^^^^^^^^^^^^^^^^^^^^^^^^^^^^^^^^^^^^^^^^^^^^^^^^^^^^^^^^^^^^^^^^^^^^^^^^^^^^^^^^^
triton.compiler.errors.CompilationError: at 175:18:
        b_g = tl.load(p_g, mask=m_t, other=0.0)
        b_q = tl.load(p_q, mask=m_qk, other=0.0)
        b_k = tl.load(p_k, mask=m_kt, other=0.0)

        m_t = i_t * BT + o_i < T
        b_s = tl.where((i_idx >= j_idx) & m_t[:, None] & m_t[None, :], tl.exp(b_g[:, None] - b_g[None, :]), 0)
        b_s = (tl.dot(b_q, b_k) * b_s).to(b_q.dtype) * b_h

        b_v = tl.load(p_v, mask=m_tv, other=0.0)
        b_o = tl.zeros((BT, V), dtype=tl.float32)
        if MIN_LEVEL == 0:
            b_o = tl.dot(b_s, b_v, b_o)
                  ^
Both operands must be same dtype. Got fp32 and bf16
