[upstream] 1 rows -> results_upstream
Traceback (most recent call last):
  File "<frozen runpy>", line 198, in _run_module_as_main
  File "<frozen runpy>", line 88, in _run_code
  File "/home/sagemaker-user/GL-SDM/projects/urm/train/upstream.py", line 1225, in <module>
    main()
  File "/home/sagemaker-user/GL-SDM/projects/urm/train/upstream.py", line 1160, in main
    rec = _run_one(rows[0], args)
          ^^^^^^^^^^^^^^^^^^^^^^^
  File "/home/sagemaker-user/GL-SDM/projects/urm/train/upstream.py", line 1140, in _run_one
    rec = train(cfg, spec, data, device="cuda").to_dict()
          ^^^^^^^^^^^^^^^^^^^^^^^^^^^^^^^^^^^^^
  File "/home/sagemaker-user/GL-SDM/projects/urm/train/harness.py", line 279, in train
    loss = _step_loss(inputs, targets)
           ^^^^^^^^^^^^^^^^^^^^^^^^^^^
  File "/home/sagemaker-user/GL-SDM/projects/urm/train/harness.py", line 256, in _step_loss
    _, loss = model(inputs, targets)
              ^^^^^^^^^^^^^^^^^^^^^^
  File "/opt/conda/lib/python3.12/site-packages/torch/nn/modules/module.py", line 1783, in _wrapped_call_impl
    return self._call_impl(*args, **kwargs)
           ^^^^^^^^^^^^^^^^^^^^^^^^^^^^^^^^
  File "/opt/conda/lib/python3.12/site-packages/torch/nn/modules/module.py", line 1794, in _call_impl
    return forward_call(*args, **kwargs)
           ^^^^^^^^^^^^^^^^^^^^^^^^^^^^^
  File "/home/sagemaker-user/GL-SDM/projects/urm/train/model.py", line 201, in forward
    logits = self.lm_head(self._hidden(tokens))
                          ^^^^^^^^^^^^^^^^^^^^
  File "/home/sagemaker-user/GL-SDM/projects/urm/train/model.py", line 163, in _hidden
    x = block(x)
        ^^^^^^^^
  File "/opt/conda/lib/python3.12/site-packages/torch/nn/modules/module.py", line 1783, in _wrapped_call_impl
    return self._call_impl(*args, **kwargs)
           ^^^^^^^^^^^^^^^^^^^^^^^^^^^^^^^^
  File "/opt/conda/lib/python3.12/site-packages/torch/nn/modules/module.py", line 1794, in _call_impl
    return forward_call(*args, **kwargs)
           ^^^^^^^^^^^^^^^^^^^^^^^^^^^^^
  File "/home/sagemaker-user/GL-SDM/projects/urm/train/model.py", line 90, in forward
    x = x + self.mixer(self.norm1(x))
            ^^^^^^^^^^^^^^^^^^^^^^^^^
  File "/opt/conda/lib/python3.12/site-packages/torch/nn/modules/module.py", line 1783, in _wrapped_call_impl
    return self._call_impl(*args, **kwargs)
           ^^^^^^^^^^^^^^^^^^^^^^^^^^^^^^^^
  File "/opt/conda/lib/python3.12/site-packages/torch/nn/modules/module.py", line 1794, in _call_impl
    return forward_call(*args, **kwargs)
           ^^^^^^^^^^^^^^^^^^^^^^^^^^^^^
  File "/home/sagemaker-user/GL-SDM/projects/urm/train/upstream.py", line 62, in forward
    out = self.layer(hidden.to(dtype))
          ^^^^^^^^^^^^^^^^^^^^^^^^^^^^
  File "/opt/conda/lib/python3.12/site-packages/torch/nn/modules/module.py", line 1783, in _wrapped_call_impl
    return self._call_impl(*args, **kwargs)
           ^^^^^^^^^^^^^^^^^^^^^^^^^^^^^^^^
  File "/opt/conda/lib/python3.12/site-packages/torch/nn/modules/module.py", line 1794, in _call_impl
    return forward_call(*args, **kwargs)
           ^^^^^^^^^^^^^^^^^^^^^^^^^^^^^
  File "/tmp/urm-comparator-pins/fla/fla/layers/moba.py", line 303, in forward
    o = parallel_moba(
        ^^^^^^^^^^^^^^
  File "/tmp/urm-comparator-pins/fla/fla/ops/moba/parallel.py", line 389, in parallel_moba
    raise ImportError(
ImportError: `parallel_moba` requires `flash-attn`. Install it via `pip install flash-attn`.
