[upstream] 1 rows -> results_upstream
Traceback (most recent call last):
  File "<frozen runpy>", line 198, in _run_module_as_main
  File "<frozen runpy>", line 88, in _run_code
  File "/home/sagemaker-user/GL-SDM/projects/urm/train/upstream.py", line 1290, in <module>
    main()
  File "/home/sagemaker-user/GL-SDM/projects/urm/train/upstream.py", line 1225, in main
    rec = _run_one(rows[0], args)
          ^^^^^^^^^^^^^^^^^^^^^^^
  File "/home/sagemaker-user/GL-SDM/projects/urm/train/upstream.py", line 1205, in _run_one
    rec = train(cfg, spec, data, device="cuda").to_dict()
          ^^^^^^^^^^^^^^^^^^^^^^^^^^^^^^^^^^^^^
  File "/home/sagemaker-user/GL-SDM/projects/urm/train/harness.py", line 235, in train
    model = build_model(cfg, mixer, device=device)
            ^^^^^^^^^^^^^^^^^^^^^^^^^^^^^^^^^^^^^^
  File "/home/sagemaker-user/GL-SDM/projects/urm/train/harness.py", line 191, in build_model
    model = URMDecoderLM(
            ^^^^^^^^^^^^^
  File "/home/sagemaker-user/GL-SDM/projects/urm/train/model.py", line 123, in __init__
    self.blocks = nn.ModuleList(_build() for _ in range(layers))
                  ^^^^^^^^^^^^^^^^^^^^^^^^^^^^^^^^^^^^^^^^^^^^^^
  File "/opt/conda/lib/python3.12/site-packages/torch/nn/modules/container.py", line 370, in __init__
    self += modules
  File "/opt/conda/lib/python3.12/site-packages/torch/nn/modules/container.py", line 419, in __iadd__
    return self.extend(modules)
           ^^^^^^^^^^^^^^^^^^^^
  File "/opt/conda/lib/python3.12/site-packages/torch/nn/modules/container.py", line 504, in extend
    for i, module in enumerate(modules):
                     ^^^^^^^^^^^^^^^^^^
  File "/home/sagemaker-user/GL-SDM/projects/urm/train/model.py", line 123, in <genexpr>
    self.blocks = nn.ModuleList(_build() for _ in range(layers))
                                ^^^^^^^^
  File "/home/sagemaker-user/GL-SDM/projects/urm/train/model.py", line 118, in _build
    return mixer.builder(width, num_heads, head_dim, intent, target)
           ^^^^^^^^^^^^^^^^^^^^^^^^^^^^^^^^^^^^^^^^^^^^^^^^^^^^^^^^^
TypeError: _TokenformerUpstreamBlock.__init__() takes 4 positional arguments but 6 were given
