[upstream] 1 rows -> results_upstream
/tmp/urm-comparator-pins/fla/fla/layers/rwkv7.py:151: UserWarning: According to Bo, you are using a potentially buggy FLA implementation of RWKV. If you plan to report any numbers based on this implementation, we strongly recommend cross-checking with the official repo: https://github.com/BlinkDL/RWKV-LM. Bo may disagree with results reported from this version.
  warnings.warn(
/tmp/urm-comparator-pins/fla/fla/layers/rwkv7.py:151: UserWarning: According to Bo, you are using a potentially buggy FLA implementation of RWKV. If you plan to report any numbers based on this implementation, we strongly recommend cross-checking with the official repo: https://github.com/BlinkDL/RWKV-LM. Bo may disagree with results reported from this version.
  warnings.warn(
/opt/conda/lib/python3.12/site-packages/torch/_dynamo/eval_frame.py:1548: RuntimeWarning: ChunkDeltaRuleFunction does not support float32 on some platforms. Please use bfloat16/float16.
            If you want to use float32, please solve the issue by yourself.
  return fn(*args, **kwargs)
Traceback (most recent call last):
  File "<frozen runpy>", line 198, in _run_module_as_main
  File "<frozen runpy>", line 88, in _run_code
  File "/home/sagemaker-user/GL-SDM/projects/urm/train/upstream.py", line 1287, in <module>
    main()
  File "/home/sagemaker-user/GL-SDM/projects/urm/train/upstream.py", line 1222, in main
    rec = _run_one(rows[0], args)
          ^^^^^^^^^^^^^^^^^^^^^^^
  File "/home/sagemaker-user/GL-SDM/projects/urm/train/upstream.py", line 1202, in _run_one
    rec = train(cfg, spec, data, device="cuda").to_dict()
          ^^^^^^^^^^^^^^^^^^^^^^^^^^^^^^^^^^^^^
  File "/home/sagemaker-user/GL-SDM/projects/urm/train/harness.py", line 312, in train
    checkpoint_aligned = _check_checkpoint_alignment(cfg, mixer, data_iter, device=device)
                         ^^^^^^^^^^^^^^^^^^^^^^^^^^^^^^^^^^^^^^^^^^^^^^^^^^^^^^^^^^^^^^^^^
  File "/home/sagemaker-user/GL-SDM/projects/urm/train/harness.py", line 402, in _check_checkpoint_alignment
    uninterrupted = run_with_checkpoint(None)
                    ^^^^^^^^^^^^^^^^^^^^^^^^^
  File "/home/sagemaker-user/GL-SDM/projects/urm/train/harness.py", line 388, in run_with_checkpoint
    loss.backward()
  File "/opt/conda/lib/python3.12/site-packages/torch/_tensor.py", line 623, in backward
    torch.autograd.backward(
  File "/opt/conda/lib/python3.12/site-packages/torch/autograd/__init__.py", line 395, in backward
    _engine_run_backward(
  File "/opt/conda/lib/python3.12/site-packages/torch/autograd/graph.py", line 1072, in _engine_run_backward
    return Variable._execution_engine.run_backward(  # Calls into the C++ engine to run the backward pass
           ^^^^^^^^^^^^^^^^^^^^^^^^^^^^^^^^^^^^^^^^^^^^^^^^^^^^^^^^^^^^^^^^^^^^^^^^^^^^^^^^^^^^^^^^^^^^^^
  File "/opt/conda/lib/python3.12/site-packages/torch/autograd/function.py", line 366, in apply
    return user_fn(self, *args)
           ^^^^^^^^^^^^^^^^^^^^
  File "/tmp/urm-comparator-pins/fla/fla/utils/_decorators.py", line 152, in wrapper
    return fn(*processed_args, **processed_kwargs)
           ^^^^^^^^^^^^^^^^^^^^^^^^^^^^^^^^^^^^^^^
  File "/opt/conda/lib/python3.12/site-packages/torch/amp/autocast_mode.py", line 527, in decorate_bwd
    return bwd(*args, **kwargs)  # pyrefly: ignore [not-callable]
           ^^^^^^^^^^^^^^^^^^^^
  File "/tmp/urm-comparator-pins/fla/fla/ops/generalized_delta_rule/dplr/chunk.py", line 432, in backward
    dq, dk, da, db, dgk = chunk_dplr_bwd_dqk_intra(
                          ^^^^^^^^^^^^^^^^^^^^^^^^^
  File "/tmp/urm-comparator-pins/fla/fla/ops/generalized_delta_rule/dplr/chunk_A_bwd.py", line 509, in chunk_dplr_bwd_dqk_intra
    chunk_dplr_bwd_kernel_intra_func[grid](
  File "/opt/conda/lib/python3.12/site-packages/triton/runtime/jit.py", line 374, in <lambda>
    return lambda *args, **kwargs: self.run(grid=grid, warmup=False, *args, **kwargs)
                                   ^^^^^^^^^^^^^^^^^^^^^^^^^^^^^^^^^^^^^^^^^^^^^^^^^^
  File "/opt/conda/lib/python3.12/site-packages/triton/runtime/autotuner.py", line 483, in run
    return self.fn.run(*args, **kwargs)
           ^^^^^^^^^^^^^^^^^^^^^^^^^^^^
  File "/opt/conda/lib/python3.12/site-packages/triton/runtime/autotuner.py", line 276, in run
    ret = self.fn.run(
          ^^^^^^^^^^^^
  File "/opt/conda/lib/python3.12/site-packages/triton/runtime/jit.py", line 778, in run
    launch_metadata = kernel.launch_metadata(grid, stream, *bound_args.values())
                      ^^^^^^^^^^^^^^^^^^^^^^^^^^^^^^^^^^^^^^^^^^^^^^^^^^^^^^^^^^
  File "/opt/conda/lib/python3.12/site-packages/triton/compiler/compiler.py", line 496, in launch_metadata
    self._init_handles()
  File "/opt/conda/lib/python3.12/site-packages/triton/compiler/compiler.py", line 468, in _init_handles
    raise_(OutOfResources(self.metadata.shared, max_shared, "shared memory"))
  File "/opt/conda/lib/python3.12/site-packages/triton/compiler/compiler.py", line 460, in raise_
    raise err
triton.runtime.errors.OutOfResources: out of resource: shared memory, Required: 131072, Hardware limit: 101376. Reducing block sizes or `num_stages` may help.
