Warmup historical_eager
historical_eager {'forward_backward_ms': 31.452926635742188, 'historical_522_gflop_proxy_percent': 25.082715976660065, 'peak_allocated_mib': 1437.3056640625}
Warmup historical_compiled
historical_compiled {'forward_backward_ms': 18.638029479980467, 'historical_522_gflop_proxy_percent': 42.328767978742036, 'peak_allocated_mib': 1345.86279296875}
Warmup pinned_cuda
pinned_cuda {'forward_backward_ms': 15.646719360351563, 'historical_522_gflop_proxy_percent': 50.42110152740166, 'peak_allocated_mib': 456.080078125}
Warmup corrected_compiled
corrected_compiled {'forward_backward_ms': 22.253823852539064, 'historical_522_gflop_proxy_percent': 35.45120293333473, 'peak_allocated_mib': 2008.82177734375}
USDT:2026-09-27 13:08:00 276095:276095 SyncActivityProfilerHandler.cpp:39] profiler_start
USDT:2026-09-27 13:08:00 276095:276095 SyncActivityProfilerHandler.cpp:46] profiler_stop
USDT:2026-09-27 13:08:00 276095:276095 SyncActivityProfilerHandler.cpp:39] profiler_start
USDT:2026-09-27 13:08:00 276095:276095 SyncActivityProfilerHandler.cpp:46] profiler_stop
{
  "historical_eager": {
    "forward_backward_ms": 31.452926635742188,
    "historical_522_gflop_proxy_percent": 25.082715976660065,
    "peak_allocated_mib": 1437.3056640625
  },
  "historical_compiled": {
    "forward_backward_ms": 18.638029479980467,
    "historical_522_gflop_proxy_percent": 42.328767978742036,
    "peak_allocated_mib": 1345.86279296875,
    "eager_gemm_work_percent_at_compiled_latency": 12.89443006382436
  },
  "pinned_cuda": {
    "forward_backward_ms": 15.646719360351563,
    "historical_522_gflop_proxy_percent": 50.42110152740166,
    "peak_allocated_mib": 456.080078125
  },
  "corrected_compiled": {
    "forward_backward_ms": 22.253823852539064,
    "historical_522_gflop_proxy_percent": 35.45120293333473,
    "peak_allocated_mib": 2008.82177734375,
    "eager_gemm_work_percent_at_compiled_latency": 14.33732138952116
  },
  "historical_eager_profiled_gemm_flops": 159014609088,
  "corrected_eager_profiled_gemm_flops": 211109388288,
  "historical_decay_check": {
    "reading_max_abs_vs_cuda": 0.0224609375,
    "state_max_abs_vs_cuda": 0.240234375,
    "decay_gradient": null
  },
  "corrected_forward_check": {
    "reading_max_abs_vs_cuda": 0.00048828125,
    "state_max_abs_vs_cuda": 0.005859375,
    "decay_gradient_norm": 16.5
  },
  "shapes": {
    "parallel": 12,
    "sequence": 1024,
    "slots": 4096,
    "value_dim": 64,
    "reads": 64,
    "writes": 64,
    "chunk": 256
  },
  "historical_commit": "dd45e66a42fbaf4e570638e175ccac0599aeddfc",
  "upstream": {
    "repository": "https://github.com/facebookresearch/sparse-delta-memory",
    "revision": "183e7df809131b80ad4393741029d0f20fc3640b",
    "source_file": "/tmp/urm-comparator-pins/sdm/lingua/sparse_delta_memory/memory_ops.py",
    "cuda_home": "/home/sagemaker-user/.cache/urm/sdm-cuda13/nvidia/cu13",
    "cuda_extensions": {
      "sparse_ip": {
        "path": "/home/sagemaker-user/.cache/urm/sdm-extensions/sparse_ip_sorted/sparse_ip_sorted.so",
        "sha256": "5aa746d658f29a37d8d4139eb0a4c3ddfbd83cf780b2180f32195af9bff85570"
      },
      "warp_cooperative_gather": {
        "path": "/home/sagemaker-user/.cache/urm/sdm-extensions/warp_cooperative_gather/warp_cooperative_gather.so",
        "sha256": "e4eb0e0af8ae95bab0015f3cebe6fe74389a8e32fefc176ddb1a499d756e8eb4"
      }
    },
    "reference_fallback": false,
    "nvcc": "nvcc: NVIDIA (R) Cuda compiler driver\nCopyright (c) 2005-2025 NVIDIA Corporation\nBuilt on Wed_Aug_20_01:58:59_PM_PDT_2025\nCuda compilation tools, release 13.0, V13.0.88\nBuild cuda_13.0.r13.0/compiler.36424714_0"
  },
  "torch": "2.14.0+cu130",
  "device": "NVIDIA A10G",
  "seed": 2026,
  "iterations": 20,
  "warmup": 5,
  "timing": "CUDA events, forward + reading-loss backward, all initial/learned operands require gradients",
  "flop_policy": "522 GFLOP proxy is historical only; profiler GEMMs exclude solves, reductions and fused CUDA/Triton work"
}
