W0926 20:18:06.562000 213799 site-packages/torch/_dynamo/variables/tensor.py:1841] [0/0] Graph break from `Tensor.item()`, consider setting:
W0926 20:18:06.562000 213799 site-packages/torch/_dynamo/variables/tensor.py:1841] [0/0]     torch._dynamo.config.capture_scalar_outputs = True
W0926 20:18:06.562000 213799 site-packages/torch/_dynamo/variables/tensor.py:1841] [0/0] or:
W0926 20:18:06.562000 213799 site-packages/torch/_dynamo/variables/tensor.py:1841] [0/0]     env TORCHDYNAMO_CAPTURE_SCALAR_OUTPUTS=1
W0926 20:18:06.562000 213799 site-packages/torch/_dynamo/variables/tensor.py:1841] [0/0] to include these operations in the captured graph.
W0926 20:18:06.562000 213799 site-packages/torch/_dynamo/variables/tensor.py:1841] [0/0] 
W0926 20:18:06.562000 213799 site-packages/torch/_dynamo/variables/tensor.py:1841] [0/0] Graph break: from user code at:
W0926 20:18:06.562000 213799 site-packages/torch/_dynamo/variables/tensor.py:1841] [0/0]   File "/home/sagemaker-user/GL-SDM/projects/urm/train/model.py", line 201, in forward
W0926 20:18:06.562000 213799 site-packages/torch/_dynamo/variables/tensor.py:1841] [0/0]     logits = self.lm_head(self._hidden(tokens))
W0926 20:18:06.562000 213799 site-packages/torch/_dynamo/variables/tensor.py:1841] [0/0]                           ^^^^^^^^^^^^^^^^^^^^^
W0926 20:18:06.562000 213799 site-packages/torch/_dynamo/variables/tensor.py:1841] [0/0]   File "/home/sagemaker-user/GL-SDM/projects/urm/train/model.py", line 163, in _hidden
W0926 20:18:06.562000 213799 site-packages/torch/_dynamo/variables/tensor.py:1841] [0/0]     x = block(x)
W0926 20:18:06.562000 213799 site-packages/torch/_dynamo/variables/tensor.py:1841] [0/0]         ^^^^^^^^
W0926 20:18:06.562000 213799 site-packages/torch/_dynamo/variables/tensor.py:1841] [0/0]   File "/home/sagemaker-user/GL-SDM/projects/urm/train/model.py", line 90, in forward
W0926 20:18:06.562000 213799 site-packages/torch/_dynamo/variables/tensor.py:1841] [0/0]     x = x + self.mixer(self.norm1(x))
W0926 20:18:06.562000 213799 site-packages/torch/_dynamo/variables/tensor.py:1841] [0/0]             ^^^^^^^^^^^^^^^^^^^^^^^^^
W0926 20:18:06.562000 213799 site-packages/torch/_dynamo/variables/tensor.py:1841] [0/0]   File "/home/sagemaker-user/GL-SDM/projects/urm/architectures/based_attention.py", line 77, in forward
W0926 20:18:06.562000 213799 site-packages/torch/_dynamo/variables/tensor.py:1841] [0/0]     out = self._run_mixer({
W0926 20:18:06.562000 213799 site-packages/torch/_dynamo/variables/tensor.py:1841] [0/0]           ^^^^^^^^^^^^^^^^^
W0926 20:18:06.562000 213799 site-packages/torch/_dynamo/variables/tensor.py:1841] [0/0]   File "/home/sagemaker-user/GL-SDM/projects/urm/architectures/k2_linear_state.py", line 129, in _run_mixer
W0926 20:18:06.562000 213799 site-packages/torch/_dynamo/variables/tensor.py:1841] [0/0]     out, final = linear_delta_state(
W0926 20:18:06.562000 213799 site-packages/torch/_dynamo/variables/tensor.py:1841] [0/0]                  ^^^^^^^^^^^^^^^^^^^
W0926 20:18:06.562000 213799 site-packages/torch/_dynamo/variables/tensor.py:1841] [0/0]   File "/home/sagemaker-user/GL-SDM/projects/urm/src/urm/backends/triton/k2/matrix_scan.py", line 1715, in linear_delta_state
W0926 20:18:06.562000 213799 site-packages/torch/_dynamo/variables/tensor.py:1841] [0/0]     scale = float(scale)
W0926 20:18:06.562000 213799 site-packages/torch/_dynamo/variables/tensor.py:1841] [0/0]             ^^^^^^^^^^^^
W0926 20:18:06.562000 213799 site-packages/torch/_dynamo/variables/tensor.py:1841] [0/0] 
W0926 20:18:06.562000 213799 site-packages/torch/_dynamo/variables/tensor.py:1841] [0/0] 
{
  "mixer": "based_attention",
  "steps": 10,
  "final_loss": 8.19637680053711,
  "mfu": 0.012159659428735477,
  "params": 102742272,
  "checkpoint_aligned": true,
  "kl_divergence": null,
  "wallclock_s": 7.4481224679911975,
  "throughput_tokens_s": 1374.8431291251027,
  "peak_memory_gib": 9.298429012298584
}
