[W926 17:06:39.200416755 CUDACachingAllocator.cpp:3934] memory allocation failed with OOM on device 0 while trying to allocate 4831838208 bytes (free: 2232877056, total: 23686938624).
[W926 17:06:39.200641160 CUDACachingAllocator.cpp:3934] memory allocation failed with OOM on device 0 while trying to allocate 4831838208 bytes (free: 2232877056, total: 23686938624).
Traceback (most recent call last):
  File "<frozen runpy>", line 198, in _run_module_as_main
  File "<frozen runpy>", line 88, in _run_code
  File "/home/sagemaker-user/GL-SDM/projects/urm/train/run.py", line 71, in <module>
    main()
  File "/home/sagemaker-user/GL-SDM/projects/urm/train/run.py", line 62, in main
    result = train(cfg, mixer, data, device="cuda" if torch.cuda.is_available() else "cpu")
             ^^^^^^^^^^^^^^^^^^^^^^^^^^^^^^^^^^^^^^^^^^^^^^^^^^^^^^^^^^^^^^^^^^^^^^^^^^^^^^
  File "/home/sagemaker-user/GL-SDM/projects/urm/train/harness.py", line 277, in train
    loss = _step_loss(inputs, targets)
           ^^^^^^^^^^^^^^^^^^^^^^^^^^^
  File "/home/sagemaker-user/GL-SDM/projects/urm/train/harness.py", line 254, in _step_loss
    _, loss = model(inputs, targets)
              ^^^^^^^^^^^^^^^^^^^^^^
  File "/opt/conda/lib/python3.12/site-packages/torch/_dynamo/eval_frame.py", line 563, in __call__
    return super().__call__(*args, **kwargs)
           ^^^^^^^^^^^^^^^^^^^^^^^^^^^^^^^^^
  File "/opt/conda/lib/python3.12/site-packages/torch/nn/modules/module.py", line 1783, in _wrapped_call_impl
    return self._call_impl(*args, **kwargs)
           ^^^^^^^^^^^^^^^^^^^^^^^^^^^^^^^^
  File "/opt/conda/lib/python3.12/site-packages/torch/nn/modules/module.py", line 1794, in _call_impl
    return forward_call(*args, **kwargs)
           ^^^^^^^^^^^^^^^^^^^^^^^^^^^^^
  File "/opt/conda/lib/python3.12/site-packages/torch/_dynamo/eval_frame.py", line 1261, in compile_wrapper
    result = fn(*args, **kwargs)
             ^^^^^^^^^^^^^^^^^^^
  File "/opt/conda/lib/python3.12/site-packages/torch/nn/modules/module.py", line 1783, in _wrapped_call_impl
    return self._call_impl(*args, **kwargs)
           ^^^^^^^^^^^^^^^^^^^^^^^^^^^^^^^^
  File "/opt/conda/lib/python3.12/site-packages/torch/nn/modules/module.py", line 1794, in _call_impl
    return forward_call(*args, **kwargs)
           ^^^^^^^^^^^^^^^^^^^^^^^^^^^^^
  File "/home/sagemaker-user/GL-SDM/projects/urm/train/model.py", line 122, in forward
    def forward(self, tokens: torch.Tensor, targets: torch.Tensor | None = None):
  File "/opt/conda/lib/python3.12/site-packages/torch/_dynamo/eval_frame.py", line 1548, in _fn
    return fn(*args, **kwargs)
           ^^^^^^^^^^^^^^^^^^^
  File "/opt/conda/lib/python3.12/site-packages/torch/_functorch/aot_autograd.py", line 1289, in forward
    return compiled_fn(full_args)
           ^^^^^^^^^^^^^^^^^^^^^^
  File "/opt/conda/lib/python3.12/site-packages/torch/_functorch/_aot_autograd/runtime_wrappers.py", line 1189, in runtime_wrapper
    result = _codegen_runtime_wrapper(
             ^^^^^^^^^^^^^^^^^^^^^^^^^
  File "/opt/conda/lib/python3.12/site-packages/torch/_functorch/_aot_autograd/codegen.py:codegen(runtime_wrapper_orchestration)", line 12, in _runtime_wrapper
  File "/opt/conda/lib/python3.12/site-packages/torch/_functorch/_aot_autograd/utils.py", line 118, in g
    return f(*args)
           ^^^^^^^^
  File "/opt/conda/lib/python3.12/site-packages/torch/_functorch/_aot_autograd/runtime_wrappers.py", line 3521, in forward
    return CompiledFunction._fwd_fn(
           ^^^^^^^^^^^^^^^^^^^^^^^^^
  File "/opt/conda/lib/python3.12/site-packages/torch/_functorch/_aot_autograd/codegen.py:codegen(compiled_function_forward)", line 3, in _compiled_forward
  File "/opt/conda/lib/python3.12/site-packages/torch/_inductor/output_code.py", line 828, in __call__
    return self.current_callable(inputs)
           ^^^^^^^^^^^^^^^^^^^^^^^^^^^^^
  File "/tmp/torchinductor_sagemaker-user/bq/cbqheby2xoczovwtq7bghaywxn2fpvraukn7ptdhgxqyrbmuhont.py", line 2307, in call
    buf172 = empty_strided_cuda((192, 512, 3, 64, 64), (6291456, 12288, 4096, 64, 1), torch.float32)
             ^^^^^^^^^^^^^^^^^^^^^^^^^^^^^^^^^^^^^^^^^^^^^^^^^^^^^^^^^^^^^^^^^^^^^^^^^^^^^^^^^^^^^^^
torch.OutOfMemoryError: CUDA out of memory. Tried to allocate 4.50 GiB. GPU 0 has a total capacity of 22.06 GiB of which 2.08 GiB is free. Including non-PyTorch memory, this process has 19.97 GiB memory in use. Of the allocated memory 19.67 GiB is allocated by PyTorch, and 5.10 MiB is reserved by PyTorch but unallocated. If reserved but unallocated memory is large try setting PYTORCH_CUDA_ALLOC_CONF=expandable_segments:True to avoid fragmentation.  See documentation for Memory Management  (https://docs.pytorch.org/docs/stable/notes/cuda.html#optimizing-memory-usage-with-pytorch-cuda-alloc-conf)
