W0926 20:12:19.011000 212438 site-packages/torch/_dynamo/convert_frame.py:2008] [16/8] torch._dynamo hit config.recompile_limit (8)
W0926 20:12:19.011000 212438 site-packages/torch/_dynamo/convert_frame.py:2008] [16/8]    function: 'torch_dynamo_resume_in_execute_online_softmax_at_901' (/home/sagemaker-user/GL-SDM/projects/urm/src/urm/backends/triton/k1/online_softmax.py:901)
W0926 20:12:19.011000 212438 site-packages/torch/_dynamo/convert_frame.py:2008] [16/8]    last reason: 16/7: ___check_obj_id(___stack0, 94457894630144), type=<class 'urm.backends.triton.k1.online_softmax.execute_online_softmax.<locals>._OnlineSoftmax'>  # return _OnlineSoftmax.apply(query, key, value, mask, bias)  # ome/sagemaker-user/GL-SDM/projects/urm/src/urm/backends/triton/k1/online_softmax.py:1036 in torch_dynamo_resume_in_execute_online_softmax_at_901
W0926 20:12:19.011000 212438 site-packages/torch/_dynamo/convert_frame.py:2008] [16/8] User stack trace:
W0926 20:12:19.011000 212438 site-packages/torch/_dynamo/convert_frame.py:2008] [16/8]   File "/home/sagemaker-user/GL-SDM/projects/urm/src/urm/backends/triton/k1/online_softmax.py", line 1036, in torch_dynamo_resume_in_execute_online_softmax_at_901
W0926 20:12:19.011000 212438 site-packages/torch/_dynamo/convert_frame.py:2008] [16/8]     return _OnlineSoftmax.apply(query, key, value, mask, bias)
W0926 20:12:19.011000 212438 site-packages/torch/_dynamo/convert_frame.py:2008] [16/8] To log all recompilation reasons, use TORCH_LOGS="recompiles".
W0926 20:12:19.011000 212438 site-packages/torch/_dynamo/convert_frame.py:2008] [16/8] To diagnose recompilation issues, see https://docs.pytorch.org/docs/main/user_guide/torch_compiler/compile/programming_model.recompilation.html
{
  "mixer": "pattention",
  "steps": 10,
  "final_loss": 8.081219673156738,
  "mfu": 0.01396265638267834,
  "params": 43464960,
  "checkpoint_aligned": true,
  "kl_divergence": null,
  "wallclock_s": 22.080663150001783,
  "throughput_tokens_s": 3710.033500510757,
  "peak_memory_gib": 4.868691444396973
}
